// Jest Snapshot v1, https://goo.gl/fbAQLP

exports[`Landing render tests page renders as expected 1`] = `
<body>
  <div>
    <div>
      <h1>
        Landing
      </h1>
    </div>
  </div>
</body>
`;
